env: load .env
[33m› [1m[@sentry/react-native/expo][22m Missing config for [1morganization, project[22m. Environment variables will be used as a fallback during the build. https://docs.sentry.io/platforms/react-native/manual-setup/[0m
env: export EXPO_PUBLIC_SUPABASE_URL EXPO_PUBLIC_SUPABASE_ANON_KEY
React Compiler enabled
Starting Metro Bundler
iOS node_modules\expo-router\entry.js ▓▓▓▓▓▓▓░░░░░░░░░ 47.2% ( 841/1356)
Android node_modules\expo-router\entry.js ▓▓▓▓▓░░░░░░░░░░░ 33.5% (521/900)
iOS node_modules\expo-router\entry.js ▓▓▓▓▓▓▓▓▓▓▓▓▓▓▓░ 97.5% (2039/2065)
Android node_modules\expo-router\entry.js ▓▓▓▓▓▓▓▓▓▓▓▓▓▓▓░ 99.9% (2075/2075)
iOS Bundled 9938ms node_modules\expo-router\entry.js (2065 modules)
iOS node_modules\expo-router\entry.js ▓▓▓▓▓▓▓▓▓▓▓▓▓▓▓░ 97.5% (2039/2065)
Android node_modules\expo-router\entry.js ▓▓▓▓▓▓▓▓▓▓▓▓▓▓▓░ 99.9% (2075/2075)
Android node_modules\expo-router\entry.js ▓▓▓▓▓▓▓▓▓▓▓▓▓▓▓░ 99.9% (2075/2075)
Android Bundled 15791ms node_modules\expo-router\entry.js (2075 modules)
Android node_modules\expo-router\entry.js ▓▓▓▓▓▓▓▓▓▓▓▓▓▓▓░ 99.9% (2075/2075)
Static rendering is enabled. Learn more: https://docs.expo.dev/router/reference/static-rendering/
λ Bundled 2999ms node_modules\expo-router\node\render.js (1505 modules)
[expo-notifications] Listening to push token changes is not yet fully supported on web. Adding a listener will have no effect.
Web node_modules\expo-router\entry.js ▓▓▓▓▓▓▓▓▓▓▓▓▓▓▓░ 99.9% (1837/1837)

Metro error: (0 , r(...).codegenNativeComponent) is not a function

  TypeError: (0 , r(...).codegenNativeComponent) is not a function
    at C:\Users\Alessio Poughon\Desktop\uni\poliTO\esercitazioni informatica\.github\Beer to Beer\BeertoBeer\node_modules\@maplibre\maplibre-react-native\lib\module\components\camera\NativeCameraModule.js:9:36
    at f (C:/Users/Alessio Poughon/Desktop/uni/poliTO/esercitazioni informatica/.github/Beer to Beer/BeertoBeer/node_modules/expo-router/node/render.js.bundle?platform=web&dev=false&hot=false&minify=true&transform.engine=hermes&transform.routerRoot=app&resolver.environment=node&transform.environment=node&resolver.exporting=true&unstable_transformProfile=hermes-stable:3:2060)
    at a (C:/Users/Alessio Poughon/Desktop/uni/poliTO/esercitazioni informatica/.github/Beer to Beer/BeertoBeer/node_modules/expo-router/node/render.js.bundle?platform=web&dev=false&hot=false&minify=true&transform.engine=hermes&transform.routerRoot=app&resolver.environment=node&transform.environment=node&resolver.exporting=true&unstable_transformProfile=hermes-stable:3:1556)
    at i (C:/Users/Alessio Poughon/Desktop/uni/poliTO/esercitazioni informatica/.github/Beer to Beer/BeertoBeer/node_modules/expo-router/node/render.js.bundle?platform=web&dev=false&hot=false&minify=true&transform.engine=hermes&transform.routerRoot=app&resolver.environment=node&transform.environment=node&resolver.exporting=true&unstable_transformProfile=hermes-stable:3:586)
    at C:/Users/Alessio Poughon/Desktop/uni/poliTO/esercitazioni informatica/.github/Beer to Beer/BeertoBeer/node_modules/expo-router/node/render.js.bundle?platform=web&dev=false&hot=false&minify=true&transform.engine=hermes&transform.routerRoot=app&resolver.environment=node&transform.environment=node&resolver.exporting=true&unstable_transformProfile=hermes-stable:583:251
    at f (C:/Users/Alessio Poughon/Desktop/uni/poliTO/esercitazioni informatica/.github/Beer to Beer/BeertoBeer/node_modules/expo-router/node/render.js.bundle?platform=web&dev=false&hot=false&minify=true&transform.engine=hermes&transform.routerRoot=app&resolver.environment=node&transform.environment=node&resolver.exporting=true&unstable_transformProfile=hermes-stable:3:2060)
    at a (C:/Users/Alessio Poughon/Desktop/uni/poliTO/esercitazioni informatica/.github/Beer to Beer/BeertoBeer/node_modules/expo-router/node/render.js.bundle?platform=web&dev=false&hot=false&minify=true&transform.engine=hermes&transform.routerRoot=app&resolver.environment=node&transform.environment=node&resolver.exporting=true&unstable_transformProfile=hermes-stable:3:1556)
    at i (C:/Users/Alessio Poughon/Desktop/uni/poliTO/esercitazioni informatica/.github/Beer to Beer/BeertoBeer/node_modules/expo-router/node/render.js.bundle?platform=web&dev=false&hot=false&minify=true&transform.engine=hermes&transform.routerRoot=app&resolver.environment=node&transform.environment=node&resolver.exporting=true&unstable_transformProfile=hermes-stable:3:586)
    at C:/Users/Alessio Poughon/Desktop/uni/poliTO/esercitazioni informatica/.github/Beer to Beer/BeertoBeer/node_modules/expo-router/node/render.js.bundle?platform=web&dev=false&hot=false&minify=true&transform.engine=hermes&transform.routerRoot=app&resolver.environment=node&transform.environment=node&resolver.exporting=true&unstable_transformProfile=hermes-stable:582:2355
    at f (C:/Users/Alessio Poughon/Desktop/uni/poliTO/esercitazioni informatica/.github/Beer to Beer/BeertoBeer/node_modules/expo-router/node/render.js.bundle?platform=web&dev=false&hot=false&minify=true&transform.engine=hermes&transform.routerRoot=app&resolver.environment=node&transform.environment=node&resolver.exporting=true&unstable_transformProfile=hermes-stable:3:2060)
TypeError: (0 , r(...).codegenNativeComponent) is not a function
TypeError: (0 , r(...).codegenNativeComponent) is not a function
    at C:\Users\Alessio Poughon\Desktop\uni\poliTO\esercitazioni informatica\.github\Beer to Beer\BeertoBeer\node_modules\@maplibre\maplibre-react-native\lib\module\components\camera\NativeCameraModule.js:9:36
    at f (C:/Users/Alessio Poughon/Desktop/uni/poliTO/esercitazioni informatica/.github/Beer to Beer/BeertoBeer/node_modules/expo-router/node/render.js.bundle?platform=web&dev=false&hot=false&minify=true&transform.engine=hermes&transform.routerRoot=app&resolver.environment=node&transform.environment=node&resolver.exporting=true&unstable_transformProfile=hermes-stable:3:2060)
    at a (C:/Users/Alessio Poughon/Desktop/uni/poliTO/esercitazioni informatica/.github/Beer to Beer/BeertoBeer/node_modules/expo-router/node/render.js.bundle?platform=web&dev=false&hot=false&minify=true&transform.engine=hermes&transform.routerRoot=app&resolver.environment=node&transform.environment=node&resolver.exporting=true&unstable_transformProfile=hermes-stable:3:1556)
    at i (C:/Users/Alessio Poughon/Desktop/uni/poliTO/esercitazioni informatica/.github/Beer to Beer/BeertoBeer/node_modules/expo-router/node/render.js.bundle?platform=web&dev=false&hot=false&minify=true&transform.engine=hermes&transform.routerRoot=app&resolver.environment=node&transform.environment=node&resolver.exporting=true&unstable_transformProfile=hermes-stable:3:586)
    at C:/Users/Alessio Poughon/Desktop/uni/poliTO/esercitazioni informatica/.github/Beer to Beer/BeertoBeer/node_modules/expo-router/node/render.js.bundle?platform=web&dev=false&hot=false&minify=true&transform.engine=hermes&transform.routerRoot=app&resolver.environment=node&transform.environment=node&resolver.exporting=true&unstable_transformProfile=hermes-stable:583:251
    at f (C:/Users/Alessio Poughon/Desktop/uni/poliTO/esercitazioni informatica/.github/Beer to Beer/BeertoBeer/node_modules/expo-router/node/render.js.bundle?platform=web&dev=false&hot=false&minify=true&transform.engine=hermes&transform.routerRoot=app&resolver.environment=node&transform.environment=node&resolver.exporting=true&unstable_transformProfile=hermes-stable:3:2060)
    at a (C:/Users/Alessio Poughon/Desktop/uni/poliTO/esercitazioni informatica/.github/Beer to Beer/BeertoBeer/node_modules/expo-router/node/render.js.bundle?platform=web&dev=false&hot=false&minify=true&transform.engine=hermes&transform.routerRoot=app&resolver.environment=node&transform.environment=node&resolver.exporting=true&unstable_transformProfile=hermes-stable:3:1556)
    at i (C:/Users/Alessio Poughon/Desktop/uni/poliTO/esercitazioni informatica/.github/Beer to Beer/BeertoBeer/node_modules/expo-router/node/render.js.bundle?platform=web&dev=false&hot=false&minify=true&transform.engine=hermes&transform.routerRoot=app&resolver.environment=node&transform.environment=node&resolver.exporting=true&unstable_transformProfile=hermes-stable:3:586)
    at C:/Users/Alessio Poughon/Desktop/uni/poliTO/esercitazioni informatica/.github/Beer to Beer/BeertoBeer/node_modules/expo-router/node/render.js.bundle?platform=web&dev=false&hot=false&minify=true&transform.engine=hermes&transform.routerRoot=app&resolver.environment=node&transform.environment=node&resolver.exporting=true&unstable_transformProfile=hermes-stable:582:2355
    at f (C:/Users/Alessio Poughon/Desktop/uni/poliTO/esercitazioni informatica/.github/Beer to Beer/BeertoBeer/node_modules/expo-router/node/render.js.bundle?platform=web&dev=false&hot=false&minify=true&transform.engine=hermes&transform.routerRoot=app&resolver.environment=node&transform.environment=node&resolver.exporting=true&unstable_transformProfile=hermes-stable:3:2060)
